2026-10-01T06:02:11+02:00 INFO  intake    key=contract:C-0091:2026-10 source=recurring client="Comune di Valdoria" route=controller reason=pa_client
2026-10-01T09:14:40+02:00 INFO  approve   key=contract:C-0091:2026-10 approver=controller action=approve
2026-10-01T09:14:42+02:00 INFO  fic       create_issued_document doc_id=4410021 number=1201 numeration="" amount_gross=1769.00 split_payment=true
2026-10-01T09:14:43+02:00 INFO  sdi-loop  doc_id=4410021 xml_verify ok
2026-10-01T09:14:44+02:00 INFO  sdi-loop  doc_id=4410021 send_e_invoice dry_run=true ok
2026-10-01T09:14:46+02:00 INFO  sdi-loop  doc_id=4410021 send_e_invoice dry_run=false queued
2026-10-01T09:51:02+02:00 INFO  webhook   ce-id=7b1e0c52 type=issued_documents.e_invoices.status_update ids=[4410021] jwt=ok -> 202
2026-10-01T09:51:03+02:00 INFO  sdi-loop  doc_id=4410021 ei_status=processing
2026-10-01T11:20:37+02:00 INFO  webhook   ce-id=7b1e0f91 type=issued_documents.e_invoices.status_update ids=[4410021] jwt=ok -> 202
2026-10-01T11:20:38+02:00 INFO  sdi-loop  doc_id=4410021 ei_status=sent final=true
2026-10-01T11:20:38+02:00 INFO  webhook   ce-id=7b1e0f91 duplicate delivery -> 204
2026-10-06T16:40:09+02:00 INFO  fic       create_issued_document doc_id=4412377 number=1209 amount_gross=13283.36 approver=controller
2026-10-06T16:40:12+02:00 INFO  sdi-loop  doc_id=4412377 send_e_invoice dry_run=false queued
2026-10-06T17:05:55+02:00 WARN  sdi-loop  doc_id=4412377 ei_status=discarded
2026-10-06T17:05:56+02:00 WARN  sdi-loop  doc_id=4412377 error_reason code=00311 reason="1.1.4 <CodiceDestinatario> non valido" date=2026-10-06 window_until=2026-10-11
2026-10-06T17:06:20+02:00 INFO  fixer     doc_id=4412377 fix_type=master_data needs_client_contact=true proposal="ask client; use 0000000 + PEC if on file" confidence=0.92
2026-10-06T17:06:21+02:00 INFO  slack     sales_ops asked: "codice destinatario for Officine Valdoria S.p.A." timeout=48h
2026-10-07T10:12:03+02:00 INFO  slack     sales_ops responded: client confirms code AAAAAAA (previous code had a typo)
2026-10-07T10:12:30+02:00 INFO  fic       modify_client id=1903377 ei_code=AAAAAAA; modify_issued_document doc_id=4412377 number=1209 date=2026-10-06 unchanged
2026-10-07T10:12:33+02:00 INFO  sdi-loop  doc_id=4412377 resend=1/3 days_since_scarto=1 xml_verify ok send queued
2026-10-07T10:48:19+02:00 INFO  sdi-loop  doc_id=4412377 ei_status=sent final=true
2026-10-07T10:48:20+02:00 INFO  notify    doc_id=4412377 schedule_email courtesy_pdf to=amministrazione@officine-valdoria.example
2026-10-07T18:30:00+02:00 INFO  sweep     stuck=0 checked=3 requests=3
2026-10-08T09:02:44+02:00 INFO  fic       create_issued_document doc_id=4412960 number=1213 client="Nordwind Sensorik GmbH" stamp_duty=2.00 natura=[N3.2,N2.1]
2026-10-08T09:03:15+02:00 INFO  sdi-loop  doc_id=4412960 ei_status=sent final=true (codice destinatario XXXXXXX)
2026-10-08T09:03:16+02:00 INFO  notify    doc_id=4412960 courtesy PDF by email: a foreign client does not receive the XML through the SDI
2026-10-08T14:00:00+02:00 WARN  fic       429 Too Many Requests Retry-After=41 (300 req / 5 min shared with the accountant's integration); waited 41s
